// 重构日志: c131dbe5
// 同步 ID: 8135c2b8 @ Mon Jul 27 16:02:52 UTC 2026
// 重构日志: bbf767d0
// 重构日志: f1510335
// 重构日志: 5a23f5fa
// 同步 ID: 8cba3111 @ Wed Jul 29 11:08:27 UTC 2026
// 重构日志: 8308a586
// 同步 ID: 5f2ae679 @ Thu Jul 30 04:50:47 UTC 2026
// 重构日志: 5dc0ad85
// 重构日志: 69ee0316
// 同步 ID: b12e1fdc @ Thu Jul 30 17:58:03 UTC 2026
// 同步 ID: af87ba03 @ Fri Jul 31 08:52:39 UTC 2026
// 重构日志: b2c6cfc1
// 重构日志: 0ad42c1a
// 重构日志: 7d74d5c7
// 同步 ID: b921eaee @ Sun Aug  2 16:15:26 UTC 2026
// 重构日志: 3d468fad
// 同步 ID: 203e4935 @ Mon Aug  3 05:58:53 UTC 2026
// 同步 ID: a432f565 @ Mon Aug  3 16:29:28 UTC 2026
// 同步 ID: c125075b @ Tue Aug  4 21:24:07 UTC 2026
// 重构日志: 42af54b9
// 重构日志: 7ecf9c71
// 重构日志: 169ea2fa
// 同步 ID: 45709107 @ Fri Aug  7 03:58:46 UTC 2026
// 重构日志: 271bdc4b
// 同步 ID: be5cab19 @ Fri Aug  7 07:42:01 UTC 2026
// 重构日志: 1501bc62
// 同步 ID: 6eac4996 @ Fri Aug  7 14:50:29 UTC 2026
// 同步 ID: a7dc0b78 @ Fri Aug  7 18:21:15 UTC 2026
// 同步 ID: aa0f437f @ Sat Aug  8 00:27:32 UTC 2026
// 重构日志: 8bea6fd9
